Microchip MPLAB XC8 Compiler V3.10

Linker command line:

--edf=C:\Program Files\Microchip\xc8\v3.10\pic\dat\20250813170317_en.msgs \
  -cn -h+dist/default/production\ECU3.X.production.sym \
  --cmf=dist/default/production\ECU3.X.production.cmf -z -Q18F4580 \
  -oC:\Users\LENOVO\AppData\Local\Temp\xcAsuy0.0\driver_tmp_3.o \
  --defsym=__MPLAB_BUILD=1 --fixupoverflow=error \
  -Mdist/default/production/ECU3.X.production.map \
  --md=C:\Users\LENOVO\AppData\Local\Temp\xcAsuy0.0\driver_tmp_0.dat -E1 \
  -ver=XC8 Compiler -ACODE=00h-03000h -ACONST=00h-03000h \
  -ASMALLCONST=0600h-06FFhx42,03000h-03000h -AMEDIUMCONST=0600h-03000h \
  -ACOMRAM=01h-05Fh -AABS1=00h-05FFh -ABIGRAM=01h-05FFh \
  -ARAM=060h-0FFh,0100h-01FFhx5 -ABANK0=060h-0FFh -ABANK1=0100h-01FFh \
  -ABANK2=0200h-02FFh -ABANK3=0300h-03FFh -ABANK4=0400h-04FFh \
  -ABANK5=0500h-05FFh -ASFR=0D00h-0DFFhx2,0F00h-0F5Fh,0F60h-0FFFh \
  -ABIGSFR=0D00h-0FFFh -ACONFIG=0300000h-030000Dh -AIDLOC=0200000h-0200007h \
  -AEEDATA=0F00000h-0F000FFh -peeprom_data=EEDATA \
  -preset_vec=00h,intcode=8h,intcodelo=18h,sivt_lo,sivt_hi=CODE \
  -ppowerup=CODE,init -pramtop=0600h -psmallconst=SMALLCONST \
  -pmediumconst=MEDIUMCONST -pconst=CONST -AFARRAM=00h-00h \
  -prdata=COMRAM,nvrram=COMRAM,nvbit=COMRAM,rbss=COMRAM,rbit=COMRAM \
  -pfarbss=FARRAM,fardata=FARRAM,nvFARRAM=FARRAM \
  -pintsave_regs=BIGRAM,bigbss=BIGRAM,bigdata=BIGRAM -pbss=RAM \
  -pidata=CODE,irdata=CODE,ibigdata=CODE,ifardata=CODE -prparam=COMRAM \
  C:\Users\LENOVO\AppData\Local\Temp\xcAsuy0.0\driver_tmp_9.o \
  dist/default/production\ECU3.X.production.o 

Object code version is 3.11

Machine type is 18F4580



                Name                               Link     Load   Length Selector   Space Scale
C:\Users\LENOVO\AppData\Local\Temp\xcAsuy0.0\driver_tmp_9.o
                init                               2FFC     2FFC        4     17FE       0
                reset_vec                             0        0        4        0       0
dist/default/production\ECU3.X.production.o
                mediumconst                        2FD8     2FD8       24     17EC       0
                text14                             2F02     2F02       D6     1781       0
                text13                             2C88     2C88       3C     1644       0
                text12                             2C14     2C14       3A     160A       0
                text11                             2BA8     2BA8       34     15D4       0
                text10                             2B06     2B06        8     1583       0
                text9                              2B18     2B18       12     158C       0
                text8                              2C4E     2C4E       3A     1627       0
                text7                              2D30     2D30       94     1698       0
                text6                              2CC4     2CC4       6C     1662       0
                text5                              2B2A     2B2A       1A     1595       0
                text4                              2BDC     2BDC       38     15EE       0
                text3                              2B44     2B44       1A     15A2       0
                text2                              2B5E     2B5E       1A     15AF       0
                text1                              2E60     2E60       A2     1730       0
                text0                              2DC4     2DC4       9C     16E2       0
                cstackCOMRAM                          1        1       22        1       1
                dataCOMRAM                           23       23        9        1       1
                bssCOMRAM                            2C       2C        3        1       1
                cinit                              2B78     2B78       30     15BC       0
                idataCOMRAM                        2B0F     2B0F        9     2B0F       0

TOTAL           Name                               Link     Load   Length     Space
        CLASS   CODE           
                init                               2FFC     2FFC        4         0
                reset_vec                             0        0        4         0
                text14                             2F02     2F02       D6         0
                text13                             2C88     2C88       3C         0
                text12                             2C14     2C14       3A         0
                text11                             2BA8     2BA8       34         0
                text10                             2B06     2B06        8         0
                text9                              2B18     2B18       12         0
                text8                              2C4E     2C4E       3A         0
                text7                              2D30     2D30       94         0
                text6                              2CC4     2CC4       6C         0
                text5                              2B2A     2B2A       1A         0
                text4                              2BDC     2BDC       38         0
                text3                              2B44     2B44       1A         0
                text2                              2B5E     2B5E       1A         0
                text1                              2E60     2E60       A2         0
                text0                              2DC4     2DC4       9C         0
                cinit                              2B78     2B78       30         0
                idataCOMRAM                        2B0F     2B0F        9         0

        CLASS   CONST          

        CLASS   SMALLCONST     

        CLASS   MEDIUMCONST    
                mediumconst                        2FD8     2FD8       24         0

        CLASS   COMRAM         
                cstackCOMRAM                          1        1       22         1
                dataCOMRAM                           23       23        9         1
                bssCOMRAM                            2C       2C        3         1

        CLASS   ABS1           

        CLASS   BIGRAM         

        CLASS   RAM            

        CLASS   BANK0          

        CLASS   BANK1          

        CLASS   BANK2          

        CLASS   BANK3          

        CLASS   BANK4          

        CLASS   BANK5          

        CLASS   SFR            

        CLASS   BIGSFR         

        CLASS   CONFIG         

        CLASS   IDLOC          

        CLASS   EEDATA         

        CLASS   FARRAM         

        CLASS   HEAP           

        CLASS   STACK          



SEGMENTS        Name                           Load    Length   Top    Selector   Space  Class

                reset_vec                      000000  000004  000004         0       0  CODE    
                cstackCOMRAM                   000001  00002E  00002F         1       1  COMRAM  
                text10                         002B06  000008  002B0E      1583       0  CODE    
                idataCOMRAM                    002B0F  000009  002B18      2B0F       0  CODE    
                text9                          002B18  000012  002B2A      158C       0  CODE    
                text5                          002B2A  00001A  002B44      1595       0  CODE    
                text3                          002B44  00001A  002B5E      15A2       0  CODE    
                text2                          002B5E  00001A  002B78      15AF       0  CODE    
                cinit                          002B78  000030  002BA8      15BC       0  CODE    
                text11                         002BA8  000034  002BDC      15D4       0  CODE    
                text4                          002BDC  000038  002C14      15EE       0  CODE    
                text12                         002C14  00003A  002C4E      160A       0  CODE    
                text8                          002C4E  00003A  002C88      1627       0  CODE    
                text13                         002C88  00003C  002CC4      1644       0  CODE    
                text6                          002CC4  00006C  002D30      1662       0  CODE    
                text7                          002D30  000094  002DC4      1698       0  CODE    
                text0                          002DC4  00009C  002E60      16E2       0  CODE    
                text1                          002E60  0000A2  002F02      1730       0  CODE    
                text14                         002F02  0000D6  002FD8      1781       0  CODE    
                mediumconst                    002FD8  000024  002FFC      17EC       0  MEDIUMCO
                init                           002FFC  000004  003000      17FE       0  CODE    


UNUSED ADDRESS RANGES

        Name                Unused          Largest block    Delta
        BANK0            0060-00FF             A0
        BANK1            0100-01FF            100
        BANK2            0200-02FF            100
        BANK3            0300-03FF            100
        BANK4            0400-04FF            100
        BANK5            0500-05FF            100
        BIGRAM           002F-05FF            5D1
        BIGSFR           0D00-0FFF            300
        CODE             0004-2B05           2B02
                         2B0E-2B0E              1
                         3000-3000              1
        COMRAM           002F-005F             31
        CONFIG           300000-30000D              E
        CONST            0004-2B05           2B02
                         2B0E-2B0E              1
                         3000-3000              1
        EEDATA           F00000-F000FF            100
        IDLOC            200000-200007              8
        MEDIUMCONST      0600-2B05           2506
                         2B0E-2B0E              1
                         3000-3000              1
        RAM              0060-05FF            100
        SFR              0D00-0FFF            100
        SMALLCONST       0600-2B05            100
                         2B0E-2B0E              1
                         3000-3000              1

                                  Symbol Table

?_get_msg_id_std               cstackCOMRAM 0001
_BRG16                         (abs)        7DC3
_BRGCON1                       (abs)        0F70
_BRGCON2                       (abs)        0F71
_BRGCON3                       (abs)        0F72
_BRGH                          (abs)        7D62
_CANCON                        (abs)        0F6F
_CANSTAT                       (abs)        0F6E
_CREN                          (abs)        7D5C
_ECANCON                       (abs)        0F77
_GIE                           (abs)        7F97
_PEIE                          (abs)        7F96
_PORTB                         (abs)        0F81
_PORTD                         (abs)        0F83
_PSA                           (abs)        7EAB
_RC0                           (abs)        7C10
_RC1                           (abs)        7C11
_RC2                           (abs)        7C12
_RCIF                          (abs)        7CF5
_RCREG                         (abs)        0FAE
_RD7                           (abs)        7C1F
_RX9                           (abs)        7D5E
_RXB0CON                       (abs)        0F60
_RXB0CONbits                   (abs)        0F60
_RXB0D0                        (abs)        0F66
_RXB0DLC                       (abs)        0F65
_RXB0FUL                       (abs)        7B07
_RXB0IF                        (abs)        7D20
_RXB0SIDH                      (abs)        0F61
_RXB0SIDL                      (abs)        0F62
_RXFCON0                       (abs)        0DD4
_SENDB                         (abs)        7D63
_SPBRG                         (abs)        0FAF
_SPEN                          (abs)        7D5F
_SYNC                          (abs)        7D64
_T08BIT                        (abs)        7EAE
_T0CS                          (abs)        7EAD
_TMR0                          (abs)        0FD6
_TMR0IE                        (abs)        7F95
_TMR0IF                        (abs)        7F92
_TMR0ON                        (abs)        7EAF
_TRISB                         (abs)        0F93
_TRISB2                        (abs)        7C9A
_TRISB3                        (abs)        7C9B
_TRISC                         (abs)        0F94
_TRISC6                        (abs)        7CA6
_TRISC7                        (abs)        7CA7
_TRISD                         (abs)        0F95
_TRISD7                        (abs)        7CAF
_TX9                           (abs)        7D66
_TXB0D0                        (abs)        0F46
_TXB0DLC                       (abs)        0F45
_TXB0EIDH                      (abs)        0F43
_TXB0EIDL                      (abs)        0F44
_TXB0REQ                       (abs)        7A03
_TXB0SIDH                      (abs)        0F41
_TXB0SIDL                      (abs)        0F42
_TXEN                          (abs)        7D65
_TXIF                          (abs)        7CF4
_TXREG                         (abs)        0FAD
__HRAM                         (abs)        0000
__H__absolute__                __absolute__ 0000
__Habs1                        abs1         0000
__Hbank0                       bank0        0000
__Hbank1                       bank1        0000
__Hbank2                       bank2        0000
__Hbank3                       bank3        0000
__Hbank4                       bank4        0000
__Hbank5                       bank5        0000
__Hbigbss                      bigbss       0000
__Hbigdata                     bigdata      0000
__Hbigram                      bigram       0000
__Hbigsfr                      bigsfr       0000
__Hbss                         bss          0000
__HbssCOMRAM                   bssCOMRAM    0000
__Hcinit                       cinit        0000
__Hclrtext                     clrtext      0000
__Hcomram                      comram       0000
__Hconfig                      config       0000
__Hconst                       const        0000
__HcstackCOMRAM                cstackCOMRAM 0000
__Hdata                        data         0000
__HdataCOMRAM                  dataCOMRAM   0000
__Heeprom_data                 eeprom_data  0000
__Hfarbss                      farbss       0000
__Hfardata                     fardata      0000
__Hheap                        heap         0000
__Hibigdata                    ibigdata     0000
__Hidata                       idata        0000
__HidataCOMRAM                 idataCOMRAM  0000
__Hidloc                       idloc        0000
__Hifardata                    ifardata     0000
__Hinit                        init         3000
__Hintcode                     intcode      0008
__Hintcode_body                intcode_body 0000
__Hintcodelo                   intcodelo    0018
__Hintentry                    intentry     0000
__Hintret                      intret       0000
__Hintsave_regs                intsave_regs 0000
__Hirdata                      irdata       0000
__Hmediumconst                 mediumconst  2FFC
__HnvFARRAM                    nvFARRAM     0000
__Hnvbit                       nvbit        0000
__Hnvrram                      nvrram       0000
__Hparam                       rparam       0000
__Hpowerup                     powerup      0000
__Hram                         ram          0000
__Hramtop                      ramtop       0600
__Hrbit                        rbit         0000
__Hrbss                        rbss         0000
__Hrdata                       rdata        0000
__Hreset_vec                   reset_vec    0004
__Hrparam                      rparam       0000
__Hsfr                         sfr          0000
__Hsivt_hi                     sivt_hi      0000
__Hsivt_lo                     sivt_lo      0018
__Hsmallconst                  smallconst   0000
__Hspace_0                     (abs)        3000
__Hspace_1                     (abs)        002F
__Hspace_2                     (abs)        0000
__Hspace_4                     (abs)        0000
__Hstack                       stack        0000
__Hstruct                      struct       0000
__Htemp                        temp         0000
__Htext                        text         0000
__Htext0                       text0        0000
__Htext1                       text1        0000
__Htext10                      text10       0000
__Htext11                      text11       0000
__Htext12                      text12       0000
__Htext13                      text13       0000
__Htext14                      text14       0000
__Htext2                       text2        0000
__Htext3                       text3        0000
__Htext4                       text4        0000
__Htext5                       text5        0000
__Htext6                       text6        0000
__Htext7                       text7        0000
__Htext8                       text8        0000
__Htext9                       text9        0000
__LRAM                         (abs)        0001
__L__absolute__                __absolute__ 0000
__Labs1                        abs1         0000
__Lbank0                       bank0        0000
__Lbank1                       bank1        0000
__Lbank2                       bank2        0000
__Lbank3                       bank3        0000
__Lbank4                       bank4        0000
__Lbank5                       bank5        0000
__Lbigbss                      bigbss       0000
__Lbigdata                     bigdata      0000
__Lbigram                      bigram       0000
__Lbigsfr                      bigsfr       0000
__Lbss                         bss          0000
__LbssCOMRAM                   bssCOMRAM    0000
__Lcinit                       cinit        0000
__Lclrtext                     clrtext      0000
__Lcomram                      comram       0000
__Lconfig                      config       0000
__Lconst                       const        0000
__LcstackCOMRAM                cstackCOMRAM 0000
__Ldata                        data         0000
__LdataCOMRAM                  dataCOMRAM   0000
__Leeprom_data                 eeprom_data  0000
__Lfarbss                      farbss       0000
__Lfardata                     fardata      0000
__Lheap                        heap         0000
__Libigdata                    ibigdata     0000
__Lidata                       idata        0000
__LidataCOMRAM                 idataCOMRAM  0000
__Lidloc                       idloc        0000
__Lifardata                    ifardata     0000
__Linit                        init         2FFC
__Lintcode                     intcode      0008
__Lintcode_body                intcode_body 0000
__Lintcodelo                   intcodelo    0018
__Lintentry                    intentry     0000
__Lintret                      intret       0000
__Lintsave_regs                intsave_regs 0000
__Lirdata                      irdata       0000
__Lmediumconst                 mediumconst  2FD8
__LnvFARRAM                    nvFARRAM     0000
__Lnvbit                       nvbit        0000
__Lnvrram                      nvrram       0000
__Lparam                       rparam       0000
__Lpowerup                     powerup      0000
__Lram                         ram          0000
__Lramtop                      ramtop       0600
__Lrbit                        rbit         0000
__Lrbss                        rbss         0000
__Lrdata                       rdata        0000
__Lreset_vec                   reset_vec    0000
__Lrparam                      rparam       0000
__Lsfr                         sfr          0000
__Lsivt_hi                     sivt_hi      0000
__Lsivt_lo                     sivt_lo      0018
__Lsmallconst                  smallconst   0000
__Lspace_0                     (abs)        0000
__Lspace_1                     (abs)        0000
__Lspace_2                     (abs)        0000
__Lspace_4                     (abs)        0000
__Lstack                       stack        0000
__Lstruct                      struct       0000
__Ltemp                        temp         0000
__Ltext                        text         0000
__Ltext0                       text0        0000
__Ltext1                       text1        0000
__Ltext10                      text10       0000
__Ltext11                      text11       0000
__Ltext12                      text12       0000
__Ltext13                      text13       0000
__Ltext14                      text14       0000
__Ltext2                       text2        0000
__Ltext3                       text3        0000
__Ltext4                       text4        0000
__Ltext5                       text5        0000
__Ltext6                       text6        0000
__Ltext7                       text7        0000
__Ltext8                       text8        0000
__Ltext9                       text9        0000
__S0                           (abs)        3000
__S1                           (abs)        002F
__S4                           (abs)        0000
__S5                           (abs)        0000
___heap_hi                     (abs)        0000
___heap_lo                     (abs)        0000
___inthi_sp                    stack        0000
___inthi_stack_hi              stack        0000
___inthi_stack_lo              stack        0000
___intlo_sp                    stack        0000
___intlo_stack_hi              stack        0000
___intlo_stack_lo              stack        0000
___param_bank                  (abs)        0000
___rparam_used                 (abs)        0001
___sp                          stack        0000
___stack_hi                    stack        0000
___stack_lo                    stack        0000
__accesstop                    (abs)        0060
__activetblptr                 (abs)        0002
__end_of__initialization       cinit        2B9E
__end_of_can_receive           text7        2DC4
__end_of_clcd_print            text6        2D30
__end_of_clcd_write            text12       2C4E
__end_of_get_msg_id_std        text8        2C88
__end_of_handle_gear_data      text5        2B44
__end_of_handle_indicator_data text4        2C14
__end_of_handle_rpm_data       text3        2B5E
__end_of_handle_speed_data     text2        2B78
__end_of_indicator_blink       text14       2FD8
__end_of_init_can              text13       2CC4
__end_of_init_clcd             text11       2BDC
__end_of_init_config           text9        2B2A
__end_of_init_leds             text10       2B0E
__end_of_main                  text0        2E60
__end_of_process_canbus_data   text1        2F02
__initialization               cinit        2B78
__mediumconst                  mediumconst  2FD8
__pbssCOMRAM                   bssCOMRAM    002C
__pcinit                       cinit        2B78
__pcstackCOMRAM                cstackCOMRAM 0001
__pdataCOMRAM                  dataCOMRAM   0023
__pidataCOMRAM                 idataCOMRAM  2B0F
__pmediumconst                 mediumconst  2FD8
__ptext0                       text0        2DC4
__ptext1                       text1        2E60
__ptext10                      text10       2B06
__ptext11                      text11       2BA8
__ptext12                      text12       2C14
__ptext13                      text13       2C88
__ptext14                      text14       2F02
__ptext2                       text2        2B5E
__ptext3                       text3        2B44
__ptext4                       text4        2BDC
__ptext5                       text5        2B2A
__ptext6                       text6        2CC4
__ptext7                       text7        2D30
__ptext8                       text8        2C4E
__ptext9                       text9        2B18
__ramtop                       ramtop       0600
__smallconst                   mediumconst  2FD8
_can_receive                   text7        2D30
_clcd_print                    text6        2CC4
_clcd_write                    text12       2C14
_get_msg_id_std                text8        2C4E
_handle_gear_data              text5        2B2A
_handle_indicator_data         text4        2BDC
_handle_rpm_data               text3        2B44
_handle_speed_data             text2        2B5E
_ind                           dataCOMRAM   002B
_ind_arr                       dataCOMRAM   0023
_indicator_blink               text14       2F02
_init_can                      text13       2C88
_init_clcd                     text11       2BA8
_init_config                   text9        2B18
_init_leds                     text10       2B06
_led_state                     bssCOMRAM    002E
_main                          text0        2DC4
_process_canbus_data           text1        2E60
_status                        bssCOMRAM    002D
can_receive@data               cstackCOMRAM 000A
can_receive@i                  cstackCOMRAM 0011
can_receive@len                cstackCOMRAM 000B
can_receive@msg_id             cstackCOMRAM 0009
can_receive@ptr                cstackCOMRAM 000F
clcd_print@addr                cstackCOMRAM 0005
clcd_print@data                cstackCOMRAM 0003
clcd_write@byte                cstackCOMRAM 0002
clcd_write@control_bit         cstackCOMRAM 0001
end_of_initialization          cinit        2B9E
get_msg_id_std@id              cstackCOMRAM 0007
handle_gear_data@data          cstackCOMRAM 0006
handle_gear_data@len           cstackCOMRAM 0007
handle_indicator_data@data     cstackCOMRAM 0006
handle_indicator_data@len      cstackCOMRAM 0007
handle_rpm_data@data           cstackCOMRAM 0006
handle_rpm_data@len            cstackCOMRAM 0007
handle_speed_data@data         cstackCOMRAM 0006
handle_speed_data@len          cstackCOMRAM 0007
indicator_blink@flag           bssCOMRAM    002C
intlevel0                      text         0000
intlevel1                      text         0000
intlevel2                      text         0000
intlevel3                      text         0000
isa$std                        (abs)        0001
isa$xinst                      (abs)        0000
main@delay                     cstackCOMRAM 001F
process_canbus_data@data       cstackCOMRAM 0013
process_canbus_data@len        cstackCOMRAM 001E
process_canbus_data@msg_id     cstackCOMRAM 001C
stackhi                        (abs)        0000
stacklo                        (abs)        0000
start                          init         2FFC
start_initialization           cinit        2B78


MODULE INFORMATION

Module		Function		Class		Link	Load	Size
message_handler.c
		_handle_gear_data		CODE           	2B2A	0000	26
		_handle_speed_data		CODE           	2B5E	0000	26
		_handle_indicator_data		CODE           	2BDC	0000	56
		_indicator_blink		CODE           	2F02	0000	214
		_handle_rpm_data		CODE           	2B44	0000	26
		_process_canbus_data		CODE           	2E60	0000	162

message_handler.c estimated size: 510

shared
		__initialization		CODE           	2B78	0000	38

shared estimated size: 38

clcd.c
		_clcd_write    		CODE           	2C14	0000	58
		_clcd_print    		CODE           	2CC4	0000	108
		_init_clcd     		CODE           	2BA8	0000	52

clcd.c estimated size: 218

can.c
		_init_can      		CODE           	2C88	0000	60
		_can_receive   		CODE           	2D30	0000	148
		_get_msg_id_std		CODE           	2C4E	0000	58

can.c estimated size: 266

main.c
		_init_leds     		CODE           	2B06	0000	8
		_main          		CODE           	2DC4	0000	156
		_init_config   		CODE           	2B18	0000	18

main.c estimated size: 182

