Microchip MPLAB XC8 Compiler V3.10

Linker command line:

--edf=C:\Program Files\Microchip\xc8\v3.10\pic\dat\20250813170317_en.msgs \
  -cn -h+dist/default/production\ECU2.X.production.sym \
  --cmf=dist/default/production\ECU2.X.production.cmf -z -Q18F4580 \
  -oC:\Users\LENOVO\AppData\Local\Temp\xcAs9i4.0\driver_tmp_3.o \
  --defsym=__MPLAB_BUILD=1 --fixupoverflow=error \
  -Mdist/default/production/ECU2.X.production.map \
  --md=C:\Users\LENOVO\AppData\Local\Temp\xcAs9i4.0\driver_tmp_0.dat -E1 \
  -ver=XC8 Compiler -ACODE=00h-03000h -ACONST=00h-03000h \
  -ASMALLCONST=0600h-06FFhx42,03000h-03000h -AMEDIUMCONST=0600h-03000h \
  -ACOMRAM=01h-05Fh -AABS1=00h-05FFh -ABIGRAM=01h-05FFh \
  -ARAM=060h-0FFh,0100h-01FFhx5 -ABANK0=060h-0FFh -ABANK1=0100h-01FFh \
  -ABANK2=0200h-02FFh -ABANK3=0300h-03FFh -ABANK4=0400h-04FFh \
  -ABANK5=0500h-05FFh -ASFR=0D00h-0DFFhx2,0F00h-0F5Fh,0F60h-0FFFh \
  -ABIGSFR=0D00h-0FFFh -ACONFIG=0300000h-030000Dh -AIDLOC=0200000h-0200007h \
  -AEEDATA=0F00000h-0F000FFh -peeprom_data=EEDATA \
  -preset_vec=00h,intcode=8h,intcodelo=18h,sivt_lo,sivt_hi=CODE \
  -ppowerup=CODE,init -pramtop=0600h -psmallconst=SMALLCONST \
  -pmediumconst=MEDIUMCONST -pconst=CONST -AFARRAM=00h-00h \
  -prdata=COMRAM,nvrram=COMRAM,nvbit=COMRAM,rbss=COMRAM,rbit=COMRAM \
  -pfarbss=FARRAM,fardata=FARRAM,nvFARRAM=FARRAM \
  -pintsave_regs=BIGRAM,bigbss=BIGRAM,bigdata=BIGRAM -pbss=RAM \
  -pidata=CODE,irdata=CODE,ibigdata=CODE,ifardata=CODE -prparam=COMRAM \
  C:\Users\LENOVO\AppData\Local\Temp\xcAs9i4.0\driver_tmp_9.o \
  dist/default/production\ECU2.X.production.o 

Object code version is 3.11

Machine type is 18F4580



                Name                               Link     Load   Length Selector   Space Scale
C:\Users\LENOVO\AppData\Local\Temp\xcAs9i4.0\driver_tmp_9.o
                init                               2FFC     2FFC        4     17FE       0
                reset_vec                             0        0        4        0       0
dist/default/production\ECU2.X.production.o
                smallconst                          600      600        2      300       0
                text15                              DC6      DC6       72      301       0
                text14                              F7E      F7E       64      301       0
                text13                             1028     1028       3C      301       0
                text12                              EA6      EA6       6E      301       0
                text11                              602      602      38E      301       0
                text10                              C4C      C4C      106      301       0
                text9                               990      990      1B4      301       0
                text8                               FE2      FE2       46      301       0
                text7                               F14      F14       6A      301       0
                text6                              10DA     10DA       1C      301       0
                text5                              1064     1064       38      301       0
                text4                              10F6     10F6        8      301       0
                text3                              109C     109C       20      301       0
                text2                               D52      D52       74      301       0
                text1                               E38      E38       6E      301       0
                text0                               B44      B44      108      301       0
                cstackCOMRAM                          1        1       3E        1       1
                dataCOMRAM                           3F       3F        2        1       1
                cinit                              10BC     10BC       1E      301       0
                idataCOMRAM                        10FE     10FE        2      301       0

TOTAL           Name                               Link     Load   Length     Space
        CLASS   CODE           
                init                               2FFC     2FFC        4         0
                reset_vec                             0        0        4         0
                text15                              DC6      DC6       72         0
                text14                              F7E      F7E       64         0
                text13                             1028     1028       3C         0
                text12                              EA6      EA6       6E         0
                text11                              602      602      38E         0
                text10                              C4C      C4C      106         0
                text9                               990      990      1B4         0
                text8                               FE2      FE2       46         0
                text7                               F14      F14       6A         0
                text6                              10DA     10DA       1C         0
                text5                              1064     1064       38         0
                text4                              10F6     10F6        8         0
                text3                              109C     109C       20         0
                text2                               D52      D52       74         0
                text1                               E38      E38       6E         0
                text0                               B44      B44      108         0
                cinit                              10BC     10BC       1E         0
                idataCOMRAM                        10FE     10FE        2         0

        CLASS   CONST          

        CLASS   SMALLCONST     
                smallconst                          600      600        2         0

        CLASS   MEDIUMCONST    

        CLASS   COMRAM         
                cstackCOMRAM                          1        1       3E         1
                dataCOMRAM                           3F       3F        2         1

        CLASS   ABS1           

        CLASS   BIGRAM         

        CLASS   RAM            

        CLASS   BANK0          

        CLASS   BANK1          

        CLASS   BANK2          

        CLASS   BANK3          

        CLASS   BANK4          

        CLASS   BANK5          

        CLASS   SFR            

        CLASS   BIGSFR         

        CLASS   CONFIG         

        CLASS   IDLOC          

        CLASS   EEDATA         

        CLASS   FARRAM         

        CLASS   HEAP           

        CLASS   STACK          



SEGMENTS        Name                           Load    Length   Top    Selector   Space  Class

                reset_vec                      000000  000004  000004         0       0  CODE    
                cstackCOMRAM                   000001  000040  000041         1       1  COMRAM  
                smallconst                     000600  000002  000602       300       0  SMALLCON
                text11                         000602  000AFE  001100       301       0  CODE    
                init                           002FFC  000004  003000      17FE       0  CODE    


UNUSED ADDRESS RANGES

        Name                Unused          Largest block    Delta
        BANK0            0060-00FF             A0
        BANK1            0100-01FF            100
        BANK2            0200-02FF            100
        BANK3            0300-03FF            100
        BANK4            0400-04FF            100
        BANK5            0500-05FF            100
        BIGRAM           0041-05FF            5BF
        BIGSFR           0D00-0FFF            300
        CODE             0004-05FF            5FC
                         1100-2FFB           1EFC
                         3000-3000              1
        COMRAM           0041-005F             1F
        CONFIG           300000-30000D              E
        CONST            0004-05FF            5FC
                         1100-2FFB           1EFC
                         3000-3000              1
        EEDATA           F00000-F000FF            100
        IDLOC            200000-200007              8
        MEDIUMCONST      1100-2FFB           1EFC
                         3000-3000              1
        RAM              0060-05FF            100
        SFR              0D00-0FFF            100
        SMALLCONST       1100-2FFB            100
                         3000-3000              1

                                  Symbol Table

?___fldiv                          cstackCOMRAM 000F
?___fltol                          cstackCOMRAM 0028
?___lwdiv                          cstackCOMRAM 0001
?___lwmod                          cstackCOMRAM 0008
?___xxtofl                         cstackCOMRAM 0001
?_get_rpm                          cstackCOMRAM 0032
?_read_adc                         cstackCOMRAM 0001
_ACQT0                             (abs)        7E03
_ACQT1                             (abs)        7E04
_ACQT2                             (abs)        7E05
_ADCON0                            (abs)        0FC2
_ADCS0                             (abs)        7E00
_ADCS1                             (abs)        7E01
_ADCS2                             (abs)        7E02
_ADFM                              (abs)        7E07
_ADON                              (abs)        7E10
_ADRESH                            (abs)        0FC4
_ADRESL                            (abs)        0FC3
_BRG16                             (abs)        7DC3
_BRGCON1                           (abs)        0F70
_BRGCON2                           (abs)        0F71
_BRGCON3                           (abs)        0F72
_BRGH                              (abs)        7D62
_CANCON                            (abs)        0F6F
_CANSTAT                           (abs)        0F6E
_CREN                              (abs)        7D5C
_ECANCON                           (abs)        0F77
_GO                                (abs)        7E11
_GODONE                            (abs)        7E11
_PORTC                             (abs)        0F82
_RCIF                              (abs)        7CF5
_RCREG                             (abs)        0FAE
_RX9                               (abs)        7D5E
_RXB0CON                           (abs)        0F60
_RXB0D0                            (abs)        0F66
_RXB0DLC                           (abs)        0F65
_RXB0FUL                           (abs)        7B07
_RXB0IF                            (abs)        7D20
_RXB0SIDH                          (abs)        0F61
_RXB0SIDL                          (abs)        0F62
_RXFCON0                           (abs)        0DD4
_SENDB                             (abs)        7D63
_SPBRG                             (abs)        0FAF
_SPEN                              (abs)        7D5F
_SYNC                              (abs)        7D64
_TRISB2                            (abs)        7C9A
_TRISB3                            (abs)        7C9B
_TRISC                             (abs)        0F94
_TRISC6                            (abs)        7CA6
_TRISC7                            (abs)        7CA7
_TX9                               (abs)        7D66
_TXB0D0                            (abs)        0F46
_TXB0DLC                           (abs)        0F45
_TXB0EIDH                          (abs)        0F43
_TXB0EIDL                          (abs)        0F44
_TXB0REQ                           (abs)        7A03
_TXB0SIDH                          (abs)        0F41
_TXB0SIDL                          (abs)        0F42
_TXEN                              (abs)        7D65
_TXIF                              (abs)        7CF4
_TXREG                             (abs)        0FAD
_VCFG0                             (abs)        7E0C
_VCFG1                             (abs)        7E0D
__HRAM                             (abs)        0000
__H__absolute__                    __absolute__ 0000
__Habs1                            abs1         0000
__Hbank0                           bank0        0000
__Hbank1                           bank1        0000
__Hbank2                           bank2        0000
__Hbank3                           bank3        0000
__Hbank4                           bank4        0000
__Hbank5                           bank5        0000
__Hbigbss                          bigbss       0000
__Hbigdata                         bigdata      0000
__Hbigram                          bigram       0000
__Hbigsfr                          bigsfr       0000
__Hbss                             bss          0000
__Hcinit                           cinit        0000
__Hclrtext                         clrtext      0000
__Hcomram                          comram       0000
__Hconfig                          config       0000
__Hconst                           const        0000
__HcstackCOMRAM                    cstackCOMRAM 0000
__Hdata                            data         0000
__HdataCOMRAM                      dataCOMRAM   0000
__Heeprom_data                     eeprom_data  0000
__Hfarbss                          farbss       0000
__Hfardata                         fardata      0000
__Hheap                            heap         0000
__Hibigdata                        ibigdata     0000
__Hidata                           idata        0000
__HidataCOMRAM                     idataCOMRAM  0000
__Hidloc                           idloc        0000
__Hifardata                        ifardata     0000
__Hinit                            init         3000
__Hintcode                         intcode      0008
__Hintcode_body                    intcode_body 0000
__Hintcodelo                       intcodelo    0018
__Hintentry                        intentry     0000
__Hintret                          intret       0000
__Hintsave_regs                    intsave_regs 0000
__Hirdata                          irdata       0000
__Hmediumconst                     mediumconst  0000
__HnvFARRAM                        nvFARRAM     0000
__Hnvbit                           nvbit        0000
__Hnvrram                          nvrram       0000
__Hparam                           rparam       0000
__Hpowerup                         powerup      0000
__Hram                             ram          0000
__Hramtop                          ramtop       0600
__Hrbit                            rbit         0000
__Hrbss                            rbss         0000
__Hrdata                           rdata        0000
__Hreset_vec                       reset_vec    0004
__Hrparam                          rparam       0000
__Hsfr                             sfr          0000
__Hsivt_hi                         sivt_hi      0000
__Hsivt_lo                         sivt_lo      0018
__Hsmallconst                      smallconst   0602
__Hspace_0                         (abs)        3000
__Hspace_1                         (abs)        0041
__Hspace_2                         (abs)        0000
__Hspace_4                         (abs)        0000
__Hstack                           stack        0000
__Hstruct                          struct       0000
__Htemp                            temp         0000
__Htext                            text         0000
__Htext0                           text0        0000
__Htext1                           text1        0000
__Htext10                          text10       0000
__Htext11                          text11       0000
__Htext12                          text12       0000
__Htext13                          text13       0000
__Htext14                          text14       0000
__Htext15                          text15       0000
__Htext2                           text2        0000
__Htext3                           text3        0000
__Htext4                           text4        0000
__Htext5                           text5        0000
__Htext6                           text6        0000
__Htext7                           text7        0000
__Htext8                           text8        0000
__Htext9                           text9        0000
__LRAM                             (abs)        0001
__L__absolute__                    __absolute__ 0000
__Labs1                            abs1         0000
__Lbank0                           bank0        0000
__Lbank1                           bank1        0000
__Lbank2                           bank2        0000
__Lbank3                           bank3        0000
__Lbank4                           bank4        0000
__Lbank5                           bank5        0000
__Lbigbss                          bigbss       0000
__Lbigdata                         bigdata      0000
__Lbigram                          bigram       0000
__Lbigsfr                          bigsfr       0000
__Lbss                             bss          0000
__Lcinit                           cinit        0000
__Lclrtext                         clrtext      0000
__Lcomram                          comram       0000
__Lconfig                          config       0000
__Lconst                           const        0000
__LcstackCOMRAM                    cstackCOMRAM 0000
__Ldata                            data         0000
__LdataCOMRAM                      dataCOMRAM   0000
__Leeprom_data                     eeprom_data  0000
__Lfarbss                          farbss       0000
__Lfardata                         fardata      0000
__Lheap                            heap         0000
__Libigdata                        ibigdata     0000
__Lidata                           idata        0000
__LidataCOMRAM                     idataCOMRAM  0000
__Lidloc                           idloc        0000
__Lifardata                        ifardata     0000
__Linit                            init         2FFC
__Lintcode                         intcode      0008
__Lintcode_body                    intcode_body 0000
__Lintcodelo                       intcodelo    0018
__Lintentry                        intentry     0000
__Lintret                          intret       0000
__Lintsave_regs                    intsave_regs 0000
__Lirdata                          irdata       0000
__Lmediumconst                     mediumconst  0000
__LnvFARRAM                        nvFARRAM     0000
__Lnvbit                           nvbit        0000
__Lnvrram                          nvrram       0000
__Lparam                           rparam       0000
__Lpowerup                         powerup      0000
__Lram                             ram          0000
__Lramtop                          ramtop       0600
__Lrbit                            rbit         0000
__Lrbss                            rbss         0000
__Lrdata                           rdata        0000
__Lreset_vec                       reset_vec    0000
__Lrparam                          rparam       0000
__Lsfr                             sfr          0000
__Lsivt_hi                         sivt_hi      0000
__Lsivt_lo                         sivt_lo      0018
__Lsmallconst                      smallconst   0600
__Lspace_0                         (abs)        0000
__Lspace_1                         (abs)        0000
__Lspace_2                         (abs)        0000
__Lspace_4                         (abs)        0000
__Lstack                           stack        0000
__Lstruct                          struct       0000
__Ltemp                            temp         0000
__Ltext                            text         0000
__Ltext0                           text0        0000
__Ltext1                           text1        0000
__Ltext10                          text10       0000
__Ltext11                          text11       0000
__Ltext12                          text12       0000
__Ltext13                          text13       0000
__Ltext14                          text14       0000
__Ltext15                          text15       0000
__Ltext2                           text2        0000
__Ltext3                           text3        0000
__Ltext4                           text4        0000
__Ltext5                           text5        0000
__Ltext6                           text6        0000
__Ltext7                           text7        0000
__Ltext8                           text8        0000
__Ltext9                           text9        0000
__S0                               (abs)        3000
__S1                               (abs)        0041
__S4                               (abs)        0000
__S5                               (abs)        0000
___fldiv                           text11       0602
___fldiv@a                         cstackCOMRAM 0013
___fldiv@aexp                      cstackCOMRAM 0027
___fldiv@b                         cstackCOMRAM 000F
___fldiv@bexp                      cstackCOMRAM 0026
___fldiv@grs                       cstackCOMRAM 0022
___fldiv@new_exp                   cstackCOMRAM 0020
___fldiv@rem                       cstackCOMRAM 001B
___fldiv@sign                      cstackCOMRAM 001F
___fltol                           text10       0C4C
___fltol@exp1                      cstackCOMRAM 0031
___fltol@f1                        cstackCOMRAM 0028
___fltol@sign1                     cstackCOMRAM 0030
___heap_hi                         (abs)        0000
___heap_lo                         (abs)        0000
___inthi_sp                        stack        0000
___inthi_stack_hi                  stack        0000
___inthi_stack_lo                  stack        0000
___intlo_sp                        stack        0000
___intlo_stack_hi                  stack        0000
___intlo_stack_lo                  stack        0000
___lwdiv                           text15       0DC6
___lwdiv@counter                   cstackCOMRAM 0007
___lwdiv@dividend                  cstackCOMRAM 0001
___lwdiv@divisor                   cstackCOMRAM 0003
___lwdiv@quotient                  cstackCOMRAM 0005
___lwmod                           text14       0F7E
___lwmod@counter                   cstackCOMRAM 000C
___lwmod@dividend                  cstackCOMRAM 0008
___lwmod@divisor                   cstackCOMRAM 000A
___param_bank                      (abs)        0000
___rparam_used                     (abs)        0001
___sp                              stack        0000
___stack_hi                        stack        0000
___stack_lo                        stack        0000
___xxtofl                          text9        0990
___xxtofl@arg                      cstackCOMRAM 000B
___xxtofl@exp                      cstackCOMRAM 000A
___xxtofl@sign                     cstackCOMRAM 0009
___xxtofl@val                      cstackCOMRAM 0001
__accesstop                        (abs)        0060
__activetblptr                     (abs)        0000
__end_of___fldiv                   text11       0990
__end_of___fltol                   text10       0D52
__end_of___lwdiv                   text15       0E38
__end_of___lwmod                   text14       0FE2
__end_of___xxtofl                  text9        0B44
__end_of__initialization           cinit        10D4
__end_of_can_transmit              text12       0F14
__end_of_get_rpm                   text7        0F7E
__end_of_init_adc                  text6        10F6
__end_of_init_can                  text5        109C
__end_of_init_digital_keypad       text4        10FE
__end_of_init_uart                 text3        10BC
__end_of_main                      text0        0C4C
__end_of_process_indicator         text1        0EA6
__end_of_read_adc                  text8        1028
__end_of_read_digital_keypad       text2        0DC6
__end_of_set_msg_id_std            text13       1064
__initialization                   cinit        10BC
__mediumconst                      smallconst   0600
__pcinit                           cinit        10BC
__pcstackCOMRAM                    cstackCOMRAM 0001
__pdataCOMRAM                      dataCOMRAM   003F
__pidataCOMRAM                     idataCOMRAM  10FE
__psmallconst                      smallconst   0600
__ptext0                           text0        0B44
__ptext1                           text1        0E38
__ptext10                          text10       0C4C
__ptext11                          text11       0602
__ptext12                          text12       0EA6
__ptext13                          text13       1028
__ptext14                          text14       0F7E
__ptext15                          text15       0DC6
__ptext2                           text2        0D52
__ptext3                           text3        109C
__ptext4                           text4        10F6
__ptext5                           text5        1064
__ptext6                           text6        10DA
__ptext7                           text7        0F14
__ptext8                           text8        0FE2
__ptext9                           text9        0990
__ramtop                           ramtop       0600
__smallconst                       smallconst   0600
_can_transmit                      text12       0EA6
_get_rpm                           text7        0F14
_init_adc                          text6        10DA
_init_can                          text5        1064
_init_digital_keypad               text4        10F6
_init_uart                         text3        109C
_main                              text0        0B44
_process_indicator                 text1        0E38
_read_adc                          text8        0FE2
_read_digital_keypad               text2        0D52
_set_msg_id_std                    text13       1028
can_transmit@data                  cstackCOMRAM 0007
can_transmit@i                     cstackCOMRAM 000E
can_transmit@len                   cstackCOMRAM 0008
can_transmit@msg_id                cstackCOMRAM 0005
can_transmit@ptr                   cstackCOMRAM 000C
end_of_initialization              cinit        10D4
get_rpm@rpm                        cstackCOMRAM 0034
intlevel0                          text         0000
intlevel1                          text         0000
intlevel2                          text         0000
intlevel3                          text         0000
isa$std                            (abs)        0001
isa$xinst                          (abs)        0000
main@indicator                     cstackCOMRAM 003C
main@rpm                           cstackCOMRAM 003D
main@str                           cstackCOMRAM 0037
process_indicator@flag             dataCOMRAM   0040
process_indicator@key              cstackCOMRAM 0002
read_adc@channel                   cstackCOMRAM 0007
read_adc@reg_val                   cstackCOMRAM 0005
read_digital_keypad@detection_type cstackCOMRAM 0001
read_digital_keypad@once           dataCOMRAM   003F
set_msg_id_std@id                  cstackCOMRAM 0001
stackhi                            (abs)        0000
stacklo                            (abs)        0000
start                              init         2FFC
start_initialization               cinit        10BC


MODULE INFORMATION

Module		Function		Class		Link	Load	Size
digital_keypad.c
		_init_digital_keypad		CODE           	10F6	0000	8
		_read_digital_keypad		CODE           	0D52	0000	116

digital_keypad.c estimated size: 124

C:\Program Files\Microchip\xc8\v3.10\pic\sources\c99\common\lwmod.c
		___lwmod       		CODE           	0F7E	0000	100

C:\Program Files\Microchip\xc8\v3.10\pic\sources\c99\common\lwmod.c estimated size: 100

uart.c
		_init_uart     		CODE           	109C	0000	32

uart.c estimated size: 32

C:\Program Files\Microchip\xc8\v3.10\pic\sources\c99\common\lwdiv.c
		___lwdiv       		CODE           	0DC6	0000	114

C:\Program Files\Microchip\xc8\v3.10\pic\sources\c99\common\lwdiv.c estimated size: 114

adc.c
		_init_adc      		CODE           	10DA	0000	28
		_read_adc      		CODE           	0FE2	0000	70

adc.c estimated size: 98

ecu_sensor.c
		_process_indicator		CODE           	0E38	0000	110
		_get_rpm       		CODE           	0F14	0000	106

ecu_sensor.c estimated size: 216

C:\Program Files\Microchip\xc8\v3.10\pic\sources\c99\common\fltol.c
		___fltol       		CODE           	0C4C	0000	262

C:\Program Files\Microchip\xc8\v3.10\pic\sources\c99\common\fltol.c estimated size: 262

C:\Program Files\Microchip\xc8\v3.10\pic\sources\c99\common\xxtofl.c
		___xxtofl      		CODE           	0990	0000	436

C:\Program Files\Microchip\xc8\v3.10\pic\sources\c99\common\xxtofl.c estimated size: 436

C:\Program Files\Microchip\xc8\v3.10\pic\sources\c99\common\sprcdiv.c
		___fldiv       		CODE           	0602	0000	910

C:\Program Files\Microchip\xc8\v3.10\pic\sources\c99\common\sprcdiv.c estimated size: 910

shared
		__initialization		CODE           	10BC	0000	24

shared estimated size: 24

can.c
		_set_msg_id_std		CODE           	1028	0000	60
		_can_transmit  		CODE           	0EA6	0000	110
		_init_can      		CODE           	1064	0000	56

can.c estimated size: 226

main.c
		_main          		CODE           	0B44	0000	264

main.c estimated size: 264

